Archive member included because of file (symbol)

f:/imt/embedded avr diploma/avr-ide/imt_sdk_win_64/winavr/bin/../lib/gcc/avr/4.3.3/avr5\libgcc.a(_udivmodhi4.o)
                              ./MCAL/timer/timer_prg.o (__udivmodhi4)
f:/imt/embedded avr diploma/avr-ide/imt_sdk_win_64/winavr/bin/../lib/gcc/avr/4.3.3/avr5\libgcc.a(_exit.o)
                              f:/imt/embedded avr diploma/avr-ide/imt_sdk_win_64/winavr/bin/../lib/gcc/avr/4.3.3/../../../../avr/lib/avr5/crtm32.o (exit)
f:/imt/embedded avr diploma/avr-ide/imt_sdk_win_64/winavr/bin/../lib/gcc/avr/4.3.3/avr5\libgcc.a(_clear_bss.o)
                              ./MCAL/timer/timer_prg.o (__do_clear_bss)

Allocating common symbols
Common symbol       size              file

EN_Reg              0x1               ./MCAL/extint/extint_Prg.o
Temp_Reg            0x1               ./MCAL/extint/extint_Prg.o
TIMER_ISR           0x2               ./MCAL/timer/timer_prg.o
EXTINT_ISR          0x2               ./MCAL/extint/extint_Prg.o

Memory Configuration

Name             Origin             Length             Attributes
text             0x00000000         0x00020000         xr
data             0x00800060         0x0000ffa0         rw !x
eeprom           0x00810000         0x00010000         rw !x
fuse             0x00820000         0x00000400         rw !x
lock             0x00830000         0x00000400         rw !x
signature        0x00840000         0x00000400         rw !x
*default*        0x00000000         0xffffffff

Linker script and memory map

LOAD f:/imt/embedded avr diploma/avr-ide/imt_sdk_win_64/winavr/bin/../lib/gcc/avr/4.3.3/../../../../avr/lib/avr5/crtm32.o
LOAD ./MCAL/timer/timer_prg.o
LOAD ./MCAL/extint/extint_Prg.o
LOAD ./MCAL/dio/dio_Prg.o
LOAD ./HAL/leds_handler/leds_prg.o
LOAD ./HAL/dc_motor_handler/dc_motor_prg.o
LOAD ./HAL/buttons_handler/buttons_prg.o
LOAD ./APP/app.o
LOAD f:/imt/embedded avr diploma/avr-ide/imt_sdk_win_64/winavr/bin/../lib/gcc/avr/4.3.3/avr5\libgcc.a
LOAD f:/imt/embedded avr diploma/avr-ide/imt_sdk_win_64/winavr/bin/../lib/gcc/avr/4.3.3/../../../../avr/lib/avr5\libc.a
LOAD f:/imt/embedded avr diploma/avr-ide/imt_sdk_win_64/winavr/bin/../lib/gcc/avr/4.3.3/avr5\libgcc.a

.hash
 *(.hash)

.dynsym
 *(.dynsym)

.dynstr
 *(.dynstr)

.gnu.version
 *(.gnu.version)

.gnu.version_d
 *(.gnu.version_d)

.gnu.version_r
 *(.gnu.version_r)

.rel.init
 *(.rel.init)

.rela.init
 *(.rela.init)

.rel.text
 *(.rel.text)
 *(.rel.text.*)
 *(.rel.gnu.linkonce.t*)

.rela.text
 *(.rela.text)
 *(.rela.text.*)
 *(.rela.gnu.linkonce.t*)

.rel.fini
 *(.rel.fini)

.rela.fini
 *(.rela.fini)

.rel.rodata
 *(.rel.rodata)
 *(.rel.rodata.*)
 *(.rel.gnu.linkonce.r*)

.rela.rodata
 *(.rela.rodata)
 *(.rela.rodata.*)
 *(.rela.gnu.linkonce.r*)

.rel.data
 *(.rel.data)
 *(.rel.data.*)
 *(.rel.gnu.linkonce.d*)

.rela.data
 *(.rela.data)
 *(.rela.data.*)
 *(.rela.gnu.linkonce.d*)

.rel.ctors
 *(.rel.ctors)

.rela.ctors
 *(.rela.ctors)

.rel.dtors
 *(.rel.dtors)

.rela.dtors
 *(.rela.dtors)

.rel.got
 *(.rel.got)

.rela.got
 *(.rela.got)

.rel.bss
 *(.rel.bss)

.rela.bss
 *(.rela.bss)

.rel.plt
 *(.rel.plt)

.rela.plt
 *(.rela.plt)

.text           0x00000000     0x1f20
 *(.vectors)
 .vectors       0x00000000       0x54 f:/imt/embedded avr diploma/avr-ide/imt_sdk_win_64/winavr/bin/../lib/gcc/avr/4.3.3/../../../../avr/lib/avr5/crtm32.o
                0x00000000                __vectors
                0x00000000                __vector_default
 *(.vectors)
 *(.progmem.gcc*)
 *(.progmem*)
                0x00000054                . = ALIGN (0x2)
                0x00000054                __trampolines_start = .
 *(.trampolines)
 .trampolines   0x00000054        0x0 linker stubs
 *(.trampolines*)
                0x00000054                __trampolines_end = .
 *(.jumptables)
 *(.jumptables*)
 *(.lowtext)
 *(.lowtext*)
                0x00000054                __ctors_start = .
 *(.ctors)
                0x00000054                __ctors_end = .
                0x00000054                __dtors_start = .
 *(.dtors)
                0x00000054                __dtors_end = .
 SORT(*)(.ctors)
 SORT(*)(.dtors)
 *(.init0)
 .init0         0x00000054        0x0 f:/imt/embedded avr diploma/avr-ide/imt_sdk_win_64/winavr/bin/../lib/gcc/avr/4.3.3/../../../../avr/lib/avr5/crtm32.o
                0x00000054                __init
 *(.init0)
 *(.init1)
 *(.init1)
 *(.init2)
 .init2         0x00000054        0xc f:/imt/embedded avr diploma/avr-ide/imt_sdk_win_64/winavr/bin/../lib/gcc/avr/4.3.3/../../../../avr/lib/avr5/crtm32.o
 *(.init2)
 *(.init3)
 *(.init3)
 *(.init4)
 .init4         0x00000060       0x10 f:/imt/embedded avr diploma/avr-ide/imt_sdk_win_64/winavr/bin/../lib/gcc/avr/4.3.3/avr5\libgcc.a(_clear_bss.o)
                0x00000060                __do_clear_bss
 *(.init4)
 *(.init5)
 *(.init5)
 *(.init6)
 *(.init6)
 *(.init7)
 *(.init7)
 *(.init8)
 *(.init8)
 *(.init9)
 .init9         0x00000070        0x8 f:/imt/embedded avr diploma/avr-ide/imt_sdk_win_64/winavr/bin/../lib/gcc/avr/4.3.3/../../../../avr/lib/avr5/crtm32.o
 *(.init9)
 *(.text)
 .text          0x00000078        0x4 f:/imt/embedded avr diploma/avr-ide/imt_sdk_win_64/winavr/bin/../lib/gcc/avr/4.3.3/../../../../avr/lib/avr5/crtm32.o
                0x00000078                __vector_12
                0x00000078                __bad_interrupt
                0x00000078                __vector_13
                0x00000078                __vector_17
                0x00000078                __vector_19
                0x00000078                __vector_15
                0x00000078                __vector_14
                0x00000078                __vector_16
                0x00000078                __vector_18
                0x00000078                __vector_20
 .text          0x0000007c        0x0 ./MCAL/timer/timer_prg.o
 .text          0x0000007c        0x0 ./MCAL/extint/extint_Prg.o
 .text          0x0000007c        0x0 ./MCAL/dio/dio_Prg.o
 .text          0x0000007c        0x0 ./HAL/leds_handler/leds_prg.o
 .text          0x0000007c        0x0 ./HAL/dc_motor_handler/dc_motor_prg.o
 .text          0x0000007c        0x0 ./HAL/buttons_handler/buttons_prg.o
 .text          0x0000007c        0x0 ./APP/app.o
 .text          0x0000007c        0x0 f:/imt/embedded avr diploma/avr-ide/imt_sdk_win_64/winavr/bin/../lib/gcc/avr/4.3.3/avr5\libgcc.a(_udivmodhi4.o)
 .text          0x0000007c        0x0 f:/imt/embedded avr diploma/avr-ide/imt_sdk_win_64/winavr/bin/../lib/gcc/avr/4.3.3/avr5\libgcc.a(_exit.o)
 .text          0x0000007c        0x0 f:/imt/embedded avr diploma/avr-ide/imt_sdk_win_64/winavr/bin/../lib/gcc/avr/4.3.3/avr5\libgcc.a(_clear_bss.o)
                0x0000007c                . = ALIGN (0x2)
 *(.text.*)
 .text.Set_CallBack_TIMER_0_OVF_INT
                0x0000007c       0x30 ./MCAL/timer/timer_prg.o
                0x0000007c                Set_CallBack_TIMER_0_OVF_INT
 .text.__vector_11
                0x000000ac       0x70 ./MCAL/timer/timer_prg.o
                0x000000ac                __vector_11
 .text.Set_CallBack_TIMER_0_OC_INT
                0x0000011c       0x30 ./MCAL/timer/timer_prg.o
                0x0000011c                Set_CallBack_TIMER_0_OC_INT
 .text.__vector_10
                0x0000014c       0x70 ./MCAL/timer/timer_prg.o
                0x0000014c                __vector_10
 .text.Set_CallBack_TIMER_1_OVF_INT
                0x000001bc       0x30 ./MCAL/timer/timer_prg.o
                0x000001bc                Set_CallBack_TIMER_1_OVF_INT
 .text.__vector_9
                0x000001ec       0x70 ./MCAL/timer/timer_prg.o
                0x000001ec                __vector_9
 .text.Set_CallBack_TIMER_1_OCA_INT
                0x0000025c       0x30 ./MCAL/timer/timer_prg.o
                0x0000025c                Set_CallBack_TIMER_1_OCA_INT
 .text.__vector_7
                0x0000028c       0x70 ./MCAL/timer/timer_prg.o
                0x0000028c                __vector_7
 .text.Set_CallBack_TIMER_1_OCB_INT
                0x000002fc       0x30 ./MCAL/timer/timer_prg.o
                0x000002fc                Set_CallBack_TIMER_1_OCB_INT
 .text.__vector_8
                0x0000032c       0x70 ./MCAL/timer/timer_prg.o
                0x0000032c                __vector_8
 .text.Set_CallBack_TIMER_1_CAPT_INT
                0x0000039c       0x30 ./MCAL/timer/timer_prg.o
                0x0000039c                Set_CallBack_TIMER_1_CAPT_INT
 .text.__vector_6
                0x000003cc       0x70 ./MCAL/timer/timer_prg.o
                0x000003cc                __vector_6
 .text.Set_CallBack_TIMER_2_OVF_INT
                0x0000043c       0x30 ./MCAL/timer/timer_prg.o
                0x0000043c                Set_CallBack_TIMER_2_OVF_INT
 .text.__vector_5
                0x0000046c       0x70 ./MCAL/timer/timer_prg.o
                0x0000046c                __vector_5
 .text.Set_CallBack_TIMER_2_OC_INT
                0x000004dc       0x30 ./MCAL/timer/timer_prg.o
                0x000004dc                Set_CallBack_TIMER_2_OC_INT
 .text.__vector_4
                0x0000050c       0x70 ./MCAL/timer/timer_prg.o
                0x0000050c                __vector_4
 .text.Timer_init
                0x0000057c      0x234 ./MCAL/timer/timer_prg.o
                0x0000057c                Timer_init
 .text.change_compared_and_duty_value
                0x000007b0       0x98 ./MCAL/timer/timer_prg.o
                0x000007b0                change_compared_and_duty_value
 .text.Timer_DeInit
                0x00000848       0xee ./MCAL/timer/timer_prg.o
                0x00000848                Timer_DeInit
 .text.clear_timer
                0x00000936       0x86 ./MCAL/timer/timer_prg.o
                0x00000936                clear_timer
 .text.PWM_timers_init
                0x000009bc      0x2e4 ./MCAL/timer/timer_prg.o
                0x000009bc                PWM_timers_init
 .text.Global_VidINTEnable
                0x00000ca0       0x1c ./MCAL/timer/timer_prg.o
                0x00000ca0                Global_VidINTEnable
 .text.Global_VidINTDisable
                0x00000cbc       0x1c ./MCAL/timer/timer_prg.o
                0x00000cbc                Global_VidINTDisable
 .text.Set_CallBack_EXTINT_0
                0x00000cd8       0x30 ./MCAL/extint/extint_Prg.o
                0x00000cd8                Set_CallBack_EXTINT_0
 .text.__vector_1
                0x00000d08       0x70 ./MCAL/extint/extint_Prg.o
                0x00000d08                __vector_1
 .text.Set_CallBack_EXTINT_1
                0x00000d78       0x30 ./MCAL/extint/extint_Prg.o
                0x00000d78                Set_CallBack_EXTINT_1
 .text.__vector_2
                0x00000da8       0x70 ./MCAL/extint/extint_Prg.o
                0x00000da8                __vector_2
 .text.Set_CallBack_EXTINT_2
                0x00000e18       0x30 ./MCAL/extint/extint_Prg.o
                0x00000e18                Set_CallBack_EXTINT_2
 .text.__vector_3
                0x00000e48       0x70 ./MCAL/extint/extint_Prg.o
                0x00000e48                __vector_3
 .text.EXTINT_u8Enable
                0x00000eb8       0x88 ./MCAL/extint/extint_Prg.o
                0x00000eb8                EXTINT_u8Enable
 .text.EXTINT_u8Disable
                0x00000f40       0xa2 ./MCAL/extint/extint_Prg.o
                0x00000f40                EXTINT_u8Disable
 .text.EXTINT_u8SenseCtrl
                0x00000fe2       0xd6 ./MCAL/extint/extint_Prg.o
                0x00000fe2                EXTINT_u8SenseCtrl
 .text.DIO_u8setPortDirection
                0x000010b8       0x90 ./MCAL/dio/dio_Prg.o
                0x000010b8                DIO_u8setPortDirection
 .text.DIO_u8setPortValue
                0x00001148       0x90 ./MCAL/dio/dio_Prg.o
                0x00001148                DIO_u8setPortValue
 .text.DIO_u8getPortValue
                0x000011d8       0xb4 ./MCAL/dio/dio_Prg.o
                0x000011d8                DIO_u8getPortValue
 .text.DIO_u8setPinDirection
                0x0000128c      0x256 ./MCAL/dio/dio_Prg.o
                0x0000128c                DIO_u8setPinDirection
 .text.DIO_u8setPinValue
                0x000014e2      0x256 ./MCAL/dio/dio_Prg.o
                0x000014e2                DIO_u8setPinValue
 .text.DIO_u8togglePinValue
                0x00001738      0x128 ./MCAL/dio/dio_Prg.o
                0x00001738                DIO_u8togglePinValue
 .text.DIO_u8getPinValue
                0x00001860      0x136 ./MCAL/dio/dio_Prg.o
                0x00001860                DIO_u8getPinValue
 .text.Leds_voidInit
                0x00001996       0x36 ./HAL/leds_handler/leds_prg.o
                0x00001996                Leds_voidInit
 .text.Motor_voidInit
                0x000019cc       0x4a ./HAL/dc_motor_handler/dc_motor_prg.o
                0x000019cc                Motor_voidInit
 .text.Motor_voidFoward
                0x00001a16       0x36 ./HAL/dc_motor_handler/dc_motor_prg.o
                0x00001a16                Motor_voidFoward
 .text.Motor_voidBackward
                0x00001a4c       0x36 ./HAL/dc_motor_handler/dc_motor_prg.o
                0x00001a4c                Motor_voidBackward
 .text.Motor_voidLeftDir
                0x00001a82       0x36 ./HAL/dc_motor_handler/dc_motor_prg.o
                0x00001a82                Motor_voidLeftDir
 .text.Motor_voidRigthDir
                0x00001ab8       0x36 ./HAL/dc_motor_handler/dc_motor_prg.o
                0x00001ab8                Motor_voidRigthDir
 .text.Motor_voidStop
                0x00001aee       0x36 ./HAL/dc_motor_handler/dc_motor_prg.o
                0x00001aee                Motor_voidStop
 .text.Buttons_voidInit
                0x00001b24       0x2c ./HAL/buttons_handler/buttons_prg.o
                0x00001b24                Buttons_voidInit
 .text.Emergency_voidStop
                0x00001b50       0x20 ./APP/app.o
                0x00001b50                Emergency_voidStop
 .text.SW_PWM   0x00001b70       0xd4 ./APP/app.o
                0x00001b70                SW_PWM
 .text.DelaySec
                0x00001c44       0xa6 ./APP/app.o
                0x00001c44                DelaySec
 .text.main     0x00001cea      0x20a ./APP/app.o
                0x00001cea                main
 .text.libgcc   0x00001ef4       0x28 f:/imt/embedded avr diploma/avr-ide/imt_sdk_win_64/winavr/bin/../lib/gcc/avr/4.3.3/avr5\libgcc.a(_udivmodhi4.o)
                0x00001ef4                __udivmodhi4
 .text.libgcc   0x00001f1c        0x0 f:/imt/embedded avr diploma/avr-ide/imt_sdk_win_64/winavr/bin/../lib/gcc/avr/4.3.3/avr5\libgcc.a(_exit.o)
 .text.libgcc   0x00001f1c        0x0 f:/imt/embedded avr diploma/avr-ide/imt_sdk_win_64/winavr/bin/../lib/gcc/avr/4.3.3/avr5\libgcc.a(_clear_bss.o)
                0x00001f1c                . = ALIGN (0x2)
 *(.fini9)
 .fini9         0x00001f1c        0x0 f:/imt/embedded avr diploma/avr-ide/imt_sdk_win_64/winavr/bin/../lib/gcc/avr/4.3.3/avr5\libgcc.a(_exit.o)
                0x00001f1c                exit
                0x00001f1c                _exit
 *(.fini9)
 *(.fini8)
 *(.fini8)
 *(.fini7)
 *(.fini7)
 *(.fini6)
 *(.fini6)
 *(.fini5)
 *(.fini5)
 *(.fini4)
 *(.fini4)
 *(.fini3)
 *(.fini3)
 *(.fini2)
 *(.fini2)
 *(.fini1)
 *(.fini1)
 *(.fini0)
 .fini0         0x00001f1c        0x4 f:/imt/embedded avr diploma/avr-ide/imt_sdk_win_64/winavr/bin/../lib/gcc/avr/4.3.3/avr5\libgcc.a(_exit.o)
 *(.fini0)
                0x00001f20                _etext = .

.data           0x00800060        0x0 load address 0x00001f20
                0x00800060                PROVIDE (__data_start, .)
 *(.data)
 .data          0x00800060        0x0 f:/imt/embedded avr diploma/avr-ide/imt_sdk_win_64/winavr/bin/../lib/gcc/avr/4.3.3/../../../../avr/lib/avr5/crtm32.o
 .data          0x00800060        0x0 ./MCAL/timer/timer_prg.o
 .data          0x00800060        0x0 ./MCAL/extint/extint_Prg.o
 .data          0x00800060        0x0 ./MCAL/dio/dio_Prg.o
 .data          0x00800060        0x0 ./HAL/leds_handler/leds_prg.o
 .data          0x00800060        0x0 ./HAL/dc_motor_handler/dc_motor_prg.o
 .data          0x00800060        0x0 ./HAL/buttons_handler/buttons_prg.o
 .data          0x00800060        0x0 ./APP/app.o
 .data          0x00800060        0x0 f:/imt/embedded avr diploma/avr-ide/imt_sdk_win_64/winavr/bin/../lib/gcc/avr/4.3.3/avr5\libgcc.a(_udivmodhi4.o)
 .data          0x00800060        0x0 f:/imt/embedded avr diploma/avr-ide/imt_sdk_win_64/winavr/bin/../lib/gcc/avr/4.3.3/avr5\libgcc.a(_exit.o)
 .data          0x00800060        0x0 f:/imt/embedded avr diploma/avr-ide/imt_sdk_win_64/winavr/bin/../lib/gcc/avr/4.3.3/avr5\libgcc.a(_clear_bss.o)
 *(.data*)
 *(.rodata)
 *(.rodata*)
 *(.gnu.linkonce.d*)
                0x00800060                . = ALIGN (0x2)
                0x00800060                _edata = .
                0x00800060                PROVIDE (__data_end, .)

.bss            0x00800060        0xa
                0x00800060                PROVIDE (__bss_start, .)
 *(.bss)
 .bss           0x00800060        0x0 f:/imt/embedded avr diploma/avr-ide/imt_sdk_win_64/winavr/bin/../lib/gcc/avr/4.3.3/../../../../avr/lib/avr5/crtm32.o
 .bss           0x00800060        0x0 ./MCAL/timer/timer_prg.o
 .bss           0x00800060        0x0 ./MCAL/extint/extint_Prg.o
 .bss           0x00800060        0x0 ./MCAL/dio/dio_Prg.o
 .bss           0x00800060        0x0 ./HAL/leds_handler/leds_prg.o
 .bss           0x00800060        0x0 ./HAL/dc_motor_handler/dc_motor_prg.o
 .bss           0x00800060        0x0 ./HAL/buttons_handler/buttons_prg.o
 .bss           0x00800060        0x0 ./APP/app.o
 .bss           0x00800060        0x0 f:/imt/embedded avr diploma/avr-ide/imt_sdk_win_64/winavr/bin/../lib/gcc/avr/4.3.3/avr5\libgcc.a(_udivmodhi4.o)
 .bss           0x00800060        0x0 f:/imt/embedded avr diploma/avr-ide/imt_sdk_win_64/winavr/bin/../lib/gcc/avr/4.3.3/avr5\libgcc.a(_exit.o)
 .bss           0x00800060        0x0 f:/imt/embedded avr diploma/avr-ide/imt_sdk_win_64/winavr/bin/../lib/gcc/avr/4.3.3/avr5\libgcc.a(_clear_bss.o)
 *(.bss*)
 .bss.global_u8PB1_StateCounter
                0x00800060        0x1 ./APP/app.o
                0x00800060                global_u8PB1_StateCounter
 .bss.global_u8RectanglePathState
                0x00800061        0x1 ./APP/app.o
                0x00800061                global_u8RectanglePathState
 .bss.Local_u8OVFCounter.1511
                0x00800062        0x1 ./APP/app.o
 .bss.Local_u8OVFCounter.1537
                0x00800063        0x1 ./APP/app.o
 *(COMMON)
 COMMON         0x00800064        0x2 ./MCAL/timer/timer_prg.o
                0x00800064                TIMER_ISR
 COMMON         0x00800066        0x4 ./MCAL/extint/extint_Prg.o
                0x00800066                EN_Reg
                0x00800067                Temp_Reg
                0x00800068                EXTINT_ISR
                0x0080006a                PROVIDE (__bss_end, .)
                0x00001f20                __data_load_start = LOADADDR (.data)
                0x00001f20                __data_load_end = (__data_load_start + SIZEOF (.data))

.noinit         0x0080006a        0x0
                0x0080006a                PROVIDE (__noinit_start, .)
 *(.noinit*)
                0x0080006a                PROVIDE (__noinit_end, .)
                0x0080006a                _end = .
                0x0080006a                PROVIDE (__heap_start, .)

.eeprom         0x00810000        0x0
 *(.eeprom*)
                0x00810000                __eeprom_end = .

.fuse
 *(.fuse)
 *(.lfuse)
 *(.hfuse)
 *(.efuse)

.lock
 *(.lock*)

.signature
 *(.signature*)

.stab           0x00000000     0x2f64
 *(.stab)
 .stab          0x00000000      0xe58 ./MCAL/timer/timer_prg.o
 .stab          0x00000e58      0x60c ./MCAL/extint/extint_Prg.o
                                0x618 (size before relaxing)
 .stab          0x00001464      0x8a0 ./MCAL/dio/dio_Prg.o
                                0x8ac (size before relaxing)
 .stab          0x00001d04      0x21c ./HAL/leds_handler/leds_prg.o
                                0x228 (size before relaxing)
 .stab          0x00001f20      0x3d8 ./HAL/dc_motor_handler/dc_motor_prg.o
                                0x3e4 (size before relaxing)
 .stab          0x000022f8      0x210 ./HAL/buttons_handler/buttons_prg.o
                                0x21c (size before relaxing)
 .stab          0x00002508      0xa5c ./APP/app.o
                                0xa68 (size before relaxing)

.stabstr        0x00000000     0x35ad
 *(.stabstr)
 .stabstr       0x00000000     0x35ad ./MCAL/timer/timer_prg.o

.stab.excl
 *(.stab.excl)

.stab.exclstr
 *(.stab.exclstr)

.stab.index
 *(.stab.index)

.stab.indexstr
 *(.stab.indexstr)

.comment
 *(.comment)

.debug
 *(.debug)

.line
 *(.line)

.debug_srcinfo
 *(.debug_srcinfo)

.debug_sfnames
 *(.debug_sfnames)

.debug_aranges
 *(.debug_aranges)

.debug_pubnames
 *(.debug_pubnames)

.debug_info
 *(.debug_info)
 *(.gnu.linkonce.wi.*)

.debug_abbrev
 *(.debug_abbrev)

.debug_line
 *(.debug_line)

.debug_frame
 *(.debug_frame)

.debug_str
 *(.debug_str)

.debug_loc
 *(.debug_loc)

.debug_macinfo
 *(.debug_macinfo)
OUTPUT(RTC_project_test.elf elf32-avr)
LOAD linker stubs
